[03:25:01] [INIT] KubeJS 2101.7.1-build.181; MC 2101 NeoForge
[03:25:01] [INIT] Loaded plugins:
[03:25:01] [INIT] - dev.latvian.mods.kubejs.BuiltinKubeJSPlugin
[03:25:01] [INIT] - dev.latvian.mods.kubejs.integration.architectury.ArchitecturyIntegration
[03:25:01] [INIT] - com.klikli_dev.theurgykubejs.kubejs.TheurgyKubeJSPlugin
[03:25:01] [INIT] - dev.uncandango.kubejstweaks.kubejs.plugin.KJSTPlugin
[03:25:01] [INIT] - dev.ftb.mods.ftbxmodcompat.neoforge.ftbquests.kubejs.FTBQuestsKubeJSPlugin
[03:25:01] [INIT] - dev.ftb.mods.ftbxmodcompat.neoforge.ftbchunks.kubejs.FTBChunksKubeJSPlugin
[03:25:01] [INIT] - dev.ftb.mods.ftbxmodcompat.neoforge.ftbteams.kubejs.FTBTeamsKubeJSPlugin
[03:25:01] [INIT] - dev.ftb.mods.ftbxmodcompat.neoforge.ftbfiltersystem.kubejs.FFSKubeJSPlugin
[03:25:01] [INIT] - com.klikli_dev.occultism_kubejs.KubeJSOccultismPlugin
[03:25:01] [INIT] - es.degrassi.mmreborn.common.integration.kubejs.MMRKubeJSPlugin
[03:25:01] [INIT] - es.degrassi.mmreborn.mekanism.common.integration.kubejs.MMRKubeJSPlugin
[03:25:01] [INIT] - com.almostreliable.ponderjs.KubePlugin
[03:25:01] [INIT] - com.glodblock.github.extendedae.xmod.kjs.KJSPlugin
[03:25:01] [INIT] - aztech.modern_industrialization.compat.kubejs.MIKubeJSPlugin
[03:25:01] [INFO] Loaded script startup_scripts:Potionsmaster/potionsmaster.js in 0.133 s
[03:25:01] [INFO] Loaded script startup_scripts:ExtendedAE/InfinityCells.js in 0.012 s
[03:25:01] [INFO] startup_scripts:Mekanism/Compatibility.js#18: Loaded Java class 'mekanism.api.chemical.Chemical'
[03:25:01] [INFO] startup_scripts:Mekanism/Compatibility.js#19: Loaded Java class 'mekanism.api.chemical.ChemicalBuilder'
[03:25:01] [INFO] Loaded script startup_scripts:Mekanism/Compatibility.js in 0.013 s
[03:25:01] [INFO] Loaded script startup_scripts:Xycraft/Compatibility.js in 0.0 s
[03:25:01] [INFO] startup_scripts:hyperbox/hyperbox.js#1: Loaded Java class 'net.neoforged.neoforge.event.entity.player.PlayerEvent$PlayerChangedDimensionEvent'
[03:25:01] [INFO] Loaded script startup_scripts:hyperbox/hyperbox.js in 0.007 s
[03:25:01] [INFO] Loaded script startup_scripts:Theurgy/SulfurAdditions.js in 0.002 s
[03:25:01] [INFO] Loaded script startup_scripts:Applied Energistics/Universal_Press.js in 0.002 s
[03:25:01] [INFO] startup_scripts:Shrink/polylib_fix.js#1: Loaded Java class 'net.creeperhost.polylib.init.DataComps'
[03:25:01] [INFO] Loaded script startup_scripts:Shrink/polylib_fix.js in 0.003 s
[03:25:01] [INFO] Loaded script startup_scripts:Farmer's Delight/Compatibility.js in 0.001 s
[03:25:01] [INFO] Loaded script startup_scripts:Modern-Industrialization/atm_stuff.js in 0.005 s
[03:25:01] [INFO] Loaded script startup_scripts:Modern-Industrialization/multiblocks/auto_forge.js in 0.004 s
[03:25:01] [INFO] Loaded script startup_scripts:Modern-Industrialization/multiblocks/runic_star_altar.js in 0.006 s
[03:25:01] [INFO] Loaded script startup_scripts:Modern-Industrialization/multiblocks/runic_enchanter.js in 0.007 s
[03:25:01] [INFO] Loaded script startup_scripts:Modern-Industrialization/multiblocks/runic_crucible.js in 0.002 s
[03:25:01] [INFO] Loaded script startup_scripts:Modern-Industrialization/multiblocks/casing.js in 0.001 s
[03:25:01] [INFO] startup_scripts:CustomAdditions.js#4: Loaded Java class 'net.minecraft.core.registries.BuiltInRegistries'
[03:25:01] [INFO] startup_scripts:CustomAdditions.js#47: Loaded Java class 'com.google.common.base.Stopwatch'
[03:25:01] [INFO] Loaded script startup_scripts:CustomAdditions.js in 0.031 s
[03:25:01] [INFO] Loaded 16/16 KubeJS startup scripts in 0.787 s with 0 errors and 0 warnings
