[00:48:21.139] [INFO]: Loading config 'startup.json'.
[00:48:43.761] [INFO]: Loaded plugins: almostunified:neoforge, almostunified:common, extended_industrialization:almost_unified, modern_industrialization:almost_unified
[00:48:59.783] [WARN]: Reload detected. Reconstructing runtime.
[00:48:59.784] [INFO]: Loading config 'debug.json'.
[00:48:59.786] [INFO]: Loading config 'placeholders.json'.
[00:48:59.789] [INFO]: Loading config 'tags.json'.
[00:48:59.802] [WARN]: The following mods are used in unification settings, but are not loaded: [biggerreactors]
[00:48:59.815] [INFO]: [TagSubstitutions] Added items of replaced tags to substitute tag '#c:storage_blocks/uranium'. Added items: [bigreactors:yellorium_block]
[00:48:59.815] [INFO]: [TagSubstitutions] Added items of replaced tags to substitute tag '#c:storage_blocks/raw_uranium'. Added items: [bigreactors:raw_yellorium_block]
[00:48:59.815] [INFO]: [TagSubstitutions] Added items of replaced tags to substitute tag '#c:ingots/uranium'. Added items: [bigreactors:yellorium_ingot]
[00:48:59.815] [INFO]: [TagSubstitutions] Added items of replaced tags to substitute tag '#c:raw_materials/uranium'. Added items: [bigreactors:raw_yellorium]
[00:48:59.827] [ERROR]: forbidden_arcanus:stella_arcanum is bound to multiple stone variant tags: TagKey[minecraft:item / c:ores_in_ground/stone] and TagKey[minecraft:item / c:ores_in_ground/deepslate]
[00:48:59.827] [ERROR]: forbidden_arcanus:stella_arcanum is bound to multiple stone variant tags: TagKey[minecraft:block / c:ores_in_ground/stone] and TagKey[minecraft:block / c:ores_in_ground/deepslate]
[00:48:59.834] [INFO]: [AutoHiding] Hiding 1/2 items for tag '#c:raw_materials/osmium' -> [mekanism:raw_osmium]
[00:48:59.835] [INFO]: [AutoHiding] Hiding 4/5 items for tag '#c:nuggets/lead' -> [modern_industrialization:lead_nugget, mekanism:nugget_lead, immersiveengineering:nugget_lead, railcraft:lead_nugget]
[00:48:59.836] [INFO]: [AutoHiding] Hiding 1/2 items for tag '#c:dusts/ruby' -> [modern_industrialization:ruby_dust]
[00:48:59.836] [INFO]: [AutoHiding] Hiding 1/2 items for tag '#c:rods/invar' -> [modern_industrialization:invar_rod]
[00:48:59.836] [INFO]: [AutoHiding] Hiding 6/7 items for tag '#c:nuggets/silver' -> [occultism:silver_nugget, immersiveengineering:nugget_silver, modern_industrialization:silver_nugget, iceandfire:silver_nugget, railcraft:silver_nugget, silentgems:silver_nugget]
[00:48:59.836] [INFO]: [AutoHiding] Hiding 2/3 items for tag '#c:nuggets/platinum' -> [oritech:platinum_nugget, modern_industrialization:platinum_nugget]
[00:48:59.838] [INFO]: [AutoHiding] Hiding 3/4 items for tag '#c:raw_materials/tin' -> [mekanism:raw_tin, railcraft:tin_raw, modern_industrialization:raw_tin]
[00:48:59.838] [INFO]: [AutoHiding] Hiding 4/5 items for tag '#c:ingots/nickel' -> [modern_industrialization:nickel_ingot, railcraft:nickel_ingot, oritech:nickel_ingot, immersiveengineering:ingot_nickel]
[00:48:59.838] [INFO]: [AutoHiding] Hiding 4/5 items for tag '#c:storage_blocks/lead' -> [modern_industrialization:lead_block, railcraft:lead_block, immersiveengineering:storage_lead, mekanism:block_lead]
[00:48:59.838] [INFO]: [AutoHiding] Hiding 1/2 items for tag '#c:dirty_dusts/lead' -> [mekanism:dirty_dust_lead]
[00:48:59.842] [INFO]: [AutoHiding] Hiding 11/15 items for tag '#c:ores/silver' -> [silentgems:deepslate_silver_ore, occultism:silver_ore, immersiveengineering:ore_silver, railcraft:deepslate_silver_ore, silentgems:silver_ore, railcraft:silver_ore, alltheores:other_silver_ore, immersiveengineering:deepslate_ore_silver, iceandfire:deepslate_silver_ore, occultism:silver_ore_deepslate, iceandfire:silver_ore]
[00:48:59.842] [INFO]: [AutoHiding] Hiding 3/4 items for tag '#c:silicon' -> [oritech:silicon, enderio:silicon, refinedstorage:silicon]
[00:48:59.842] [INFO]: [AutoHiding] Hiding 2/3 items for tag '#c:ingots/brass' -> [railcraft:brass_ingot, create:brass_ingot]
[00:48:59.842] [INFO]: [AutoHiding] Hiding 2/3 items for tag '#c:rods/aluminum' -> [modern_industrialization:aluminum_rod, immersiveengineering:stick_aluminum]
[00:48:59.843] [INFO]: [AutoHiding] Hiding 1/2 items for tag '#c:raw_materials/iridium' -> [modern_industrialization:raw_iridium]
[00:48:59.843] [INFO]: [AutoHiding] Hiding 2/3 items for tag '#c:dusts/aluminum' -> [modern_industrialization:aluminum_dust, immersiveengineering:dust_aluminum]
[00:48:59.843] [INFO]: [AutoHiding] Hiding 1/2 items for tag '#c:storage_blocks/sapphire' -> [silentgems:sapphire_block]
[00:48:59.843] [INFO]: [AutoHiding] Hiding 5/9 items for tag '#c:ores/ruby' -> [silentgems:nether_ruby_ore, silentgems:end_ruby_ore, silentgems:ruby_ore, alltheores:other_ruby_ore, silentgems:deepslate_ruby_ore]
[00:48:59.843] [INFO]: [AutoHiding] Hiding 1/2 items for tag '#c:storage_blocks/fluorite' -> [mekanism:block_fluorite]
[00:48:59.843] [INFO]: [AutoHiding] Hiding 2/3 items for tag '#c:clumps/nickel' -> [create:crushed_raw_nickel, oritech:nickel_clump]
[00:48:59.844] [INFO]: [AutoHiding] Hiding 7/11 items for tag '#c:ores/tin' -> [railcraft:deepslate_tin_ore, mekanism:tin_ore, modern_industrialization:tin_ore, alltheores:other_tin_ore, railcraft:tin_ore, mekanism:deepslate_tin_ore, modern_industrialization:deepslate_tin_ore]
[00:48:59.844] [INFO]: [AutoHiding] Hiding 4/5 items for tag '#c:dusts/coal' -> [railcraft:coal_dust, oritech:coal_dust, enderio:powdered_coal, modern_industrialization:coal_dust]
[00:48:59.844] [INFO]: [AutoHiding] Hiding 3/4 items for tag '#c:plates/aluminum' -> [immersiveengineering:plate_aluminum, xycraft_machines:aluminum_sheet, modern_industrialization:aluminum_plate]
[00:48:59.844] [INFO]: [AutoHiding] Hiding 1/2 items for tag '#c:crystals/osmium' -> [mekanism:crystal_osmium]
[00:48:59.844] [INFO]: [AutoHiding] Hiding 1/2 items for tag '#c:storage_blocks/sulfur' -> [modern_industrialization:sulfur_block]
[00:48:59.844] [INFO]: [AutoHiding] Hiding 4/5 items for tag '#c:rods/iron' -> [modern_industrialization:iron_rod, silentgear:iron_rod, createaddition:iron_rod, immersiveengineering:stick_iron]
[00:48:59.844] [INFO]: [AutoHiding] Hiding 1/2 items for tag '#c:crystals/lead' -> [mekanism:crystal_lead]
[00:48:59.844] [INFO]: [AutoHiding] Hiding 4/5 items for tag '#c:storage_blocks/raw_silver' -> [immersiveengineering:raw_block_silver, iceandfire:raw_silver_block, modern_industrialization:raw_silver_block, occultism:raw_silver_block]
[00:48:59.845] [INFO]: [AutoHiding] Hiding 6/7 items for tag '#c:dusts/copper' -> [enderio:powdered_copper, immersiveengineering:dust_copper, mekanism:dust_copper, modern_industrialization:copper_dust, oritech:copper_dust, occultism:copper_dust]
[00:48:59.845] [INFO]: [AutoHiding] Hiding 1/2 items for tag '#c:clumps/tin' -> [mekanism:clump_tin]
[00:48:59.845] [INFO]: [AutoHiding] Hiding 2/3 items for tag '#c:storage_blocks/brass' -> [create:brass_block, railcraft:brass_block]
[00:48:59.845] [INFO]: [AutoHiding] Hiding 1/2 items for tag '#c:ingots/iridium' -> [modern_industrialization:iridium_ingot]
[00:48:59.845] [INFO]: [AutoHiding] Hiding 2/3 items for tag '#c:gears/copper' -> [railcraft:copper_gear, modern_industrialization:copper_gear]
[00:48:59.845] [INFO]: [AutoHiding] Hiding 1/2 items for tag '#atm10:tiny_coals' -> [actuallyadditions:tiny_coal]
[00:48:59.848] [INFO]: [AutoHiding] Hiding 3/7 items for tag '#c:ores/osmium' -> [mekanism:deepslate_osmium_ore, mekanism:osmium_ore, alltheores:other_osmium_ore]
[00:48:59.848] [INFO]: [AutoHiding] Hiding 4/5 items for tag '#c:ingots/electrum' -> [createaddition:electrum_ingot, modern_industrialization:electrum_ingot, immersiveengineering:ingot_electrum, oritech:electrum_ingot]
[00:48:59.849] [INFO]: [AutoHiding] Hiding 2/3 items for tag '#c:gems/ruby' -> [silentgems:ruby, irons_jewelry:ruby]
[00:48:59.850] [INFO]: [AutoHiding] Hiding 2/3 items for tag '#c:dusts/bronze' -> [mekanism:dust_bronze, modern_industrialization:bronze_dust]
[00:48:59.850] [INFO]: [AutoHiding] Hiding 2/4 items for tag '#c:ores/emerald' -> [deeperdarker:sculk_stone_emerald_ore, deeperdarker:gloomslate_emerald_ore]
[00:48:59.850] [INFO]: [AutoHiding] Hiding 2/3 items for tag '#c:nuggets/invar' -> [modern_industrialization:invar_nugget, railcraft:invar_nugget]
[00:48:59.850] [INFO]: [AutoHiding] Hiding 2/3 items for tag '#c:gears/tin' -> [railcraft:tin_gear, modern_industrialization:tin_gear]
[00:48:59.851] [INFO]: [AutoHiding] Hiding 2/3 items for tag '#c:gears/bronze' -> [modern_industrialization:bronze_gear, railcraft:bronze_gear]
[00:48:59.851] [INFO]: [AutoHiding] Hiding 1/2 items for tag '#c:dusts/fluorite' -> [mekanism:dust_fluorite]
[00:48:59.851] [INFO]: [AutoHiding] Hiding 3/4 items for tag '#c:clumps/gold' -> [oritech:gold_clump, mekanism:clump_gold, create:crushed_raw_gold]
[00:48:59.851] [INFO]: [AutoHiding] Hiding 2/3 items for tag '#c:storage_blocks/invar' -> [railcraft:invar_block, modern_industrialization:invar_block]
[00:48:59.852] [INFO]: [AutoHiding] Hiding 4/5 items for tag '#c:raw_materials/nickel' -> [modern_industrialization:raw_nickel, immersiveengineering:raw_nickel, oritech:raw_nickel, railcraft:nickel_raw]
[00:48:59.852] [INFO]: [AutoHiding] Hiding 1/2 items for tag '#c:ingots/constantan' -> [immersiveengineering:ingot_constantan]
[00:48:59.852] [INFO]: [AutoHiding] Hiding 3/4 items for tag '#c:dusts/electrum' -> [immersiveengineering:dust_electrum, oritech:electrum_dust, modern_industrialization:electrum_dust]
[00:48:59.852] [INFO]: [AutoHiding] Hiding 4/5 items for tag '#c:dusts/diamond' -> [appflux:diamond_dust, createaddition:diamond_grit, modern_industrialization:diamond_dust, mekanism:dust_diamond]
[00:48:59.852] [INFO]: [AutoHiding] Hiding 2/3 items for tag '#c:storage_blocks/platinum' -> [modern_industrialization:platinum_block, oritech:platinum_block]
[00:48:59.853] [INFO]: [AutoHiding] Hiding 1/2 items for tag '#c:storage_blocks/ruby' -> [silentgems:ruby_block]
[00:48:59.853] [INFO]: [AutoHiding] Hiding 1/2 items for tag '#c:ingots/osmium' -> [mekanism:ingot_osmium]
[00:48:59.853] [INFO]: [AutoHiding] Hiding 5/9 items for tag '#c:ores/peridot' -> [silentgems:end_peridot_ore, silentgems:peridot_ore, alltheores:other_peridot_ore, silentgems:nether_peridot_ore, silentgems:deepslate_peridot_ore]
[00:48:59.853] [INFO]: [AutoHiding] Hiding 1/2 items for tag '#c:shards/uranium' -> [mekanism:shard_uranium]
[00:48:59.854] [INFO]: [AutoHiding] Hiding 2/3 items for tag '#c:plates/tin' -> [railcraft:tin_plate, modern_industrialization:tin_plate]
[00:48:59.854] [INFO]: [AutoHiding] Hiding 1/2 items for tag '#atm10:tiny_charcoals' -> [actuallyadditions:tiny_charcoal]
[00:48:59.854] [INFO]: [AutoHiding] Hiding 1/2 items for tag '#c:shards/gold' -> [mekanism:shard_gold]
[00:48:59.854] [INFO]: [AutoHiding] Hiding 1/2 items for tag '#c:dusts/charcoal' -> [railcraft:charcoal_dust]
[00:48:59.854] [INFO]: [AutoHiding] Hiding 1/2 items for tag '#c:gears/zinc' -> [railcraft:zinc_gear]
[00:48:59.854] [INFO]: [AutoHiding] Hiding 1/2 items for tag '#c:dirty_dusts/iron' -> [mekanism:dirty_dust_iron]
[00:48:59.855] [INFO]: [AutoHiding] Hiding 3/4 items for tag '#c:dusts/tin' -> [mekanism:dust_tin, enderio:powdered_tin, modern_industrialization:tin_dust]
[00:48:59.855] [INFO]: [AutoHiding] Hiding 1/2 items for tag '#c:plates/iridium' -> [modern_industrialization:iridium_plate]
[00:48:59.855] [INFO]: [AutoHiding] Hiding 1/2 items for tag '#c:storage_blocks/raw_iridium' -> [modern_industrialization:raw_iridium_block]
[00:48:59.855] [INFO]: [AutoHiding] Hiding 9/13 items for tag '#c:ores/nickel' -> [railcraft:deepslate_nickel_ore, immersiveengineering:ore_nickel, oritech:deepslate_nickel_ore, modern_industrialization:deepslate_nickel_ore, railcraft:nickel_ore, alltheores:other_nickel_ore, immersiveengineering:deepslate_ore_nickel, modern_industrialization:nickel_ore, oritech:nickel_ore]
[00:48:59.856] [INFO]: [AutoHiding] Hiding 1/2 items for tag '#c:dusts/invar' -> [modern_industrialization:invar_dust]
[00:48:59.856] [INFO]: [AutoHiding] Hiding 3/6 items for tag '#c:ores/gold' -> [undergarden:depthrock_gold_ore, deeperdarker:gloomslate_gold_ore, deeperdarker:sculk_stone_gold_ore]
[00:48:59.856] [INFO]: [AutoHiding] Hiding 1/2 items for tag '#c:dirty_dusts/tin' -> [mekanism:dirty_dust_tin]
[00:48:59.856] [INFO]: [AutoHiding] Hiding 1/2 items for tag '#c:nuggets/osmium' -> [mekanism:nugget_osmium]
[00:48:59.857] [INFO]: [AutoHiding] Hiding 1/2 items for tag '#c:gears/lead' -> [railcraft:lead_gear]
[00:48:59.857] [INFO]: [AutoHiding] Hiding 3/4 items for tag '#c:storage_blocks/bronze' -> [railcraft:bronze_block, mekanism:block_bronze, modern_industrialization:bronze_block]
[00:48:59.857] [INFO]: [AutoHiding] Hiding 2/4 items for tag '#c:ores/lapis' -> [deeperdarker:gloomslate_lapis_ore, deeperdarker:sculk_stone_lapis_ore]
[00:48:59.857] [INFO]: [AutoHiding] Hiding 2/3 items for tag '#c:ingots/zinc' -> [create:zinc_ingot, railcraft:zinc_ingot]
[00:48:59.857] [INFO]: [AutoHiding] Hiding 5/6 items for tag '#c:raw_materials/silver' -> [immersiveengineering:raw_silver, railcraft:silver_raw, occultism:raw_silver, modern_industrialization:raw_silver, iceandfire:raw_silver]
[00:48:59.858] [INFO]: [AutoHiding] Hiding 2/3 items for tag '#c:gears/steel' -> [railcraft:steel_gear, modern_industrialization:steel_gear]
[00:48:59.858] [INFO]: [AutoHiding] Hiding 5/6 items for tag '#c:storage_blocks/silver' -> [railcraft:silver_block, occultism:silver_block, iceandfire:silver_block, immersiveengineering:storage_silver, modern_industrialization:silver_block]
[00:48:59.858] [INFO]: [AutoHiding] Hiding 4/8 items for tag '#c:ores/platinum' -> [oritech:deepslate_platinum_ore, modern_industrialization:platinum_ore, oritech:endstone_platinum_ore, alltheores:other_platinum_ore]
[00:48:59.858] [INFO]: [AutoHiding] Hiding 3/4 items for tag '#c:dusts/lead' -> [immersiveengineering:dust_lead, mekanism:dust_lead, modern_industrialization:lead_dust]
[00:48:59.859] [INFO]: [AutoHiding] Hiding 2/3 items for tag '#c:gears/invar' -> [modern_industrialization:invar_gear, railcraft:invar_gear]
[00:48:59.859] [INFO]: [AutoHiding] Hiding 4/5 items for tag '#c:dusts/obsidian' -> [enderio:powdered_obsidian, railcraft:obsidian_dust, create:powdered_obsidian, occultism:obsidian_dust]
[00:48:59.859] [INFO]: [AutoHiding] Hiding 1/2 items for tag '#c:rods/bronze' -> [modern_industrialization:bronze_rod]
[00:48:59.859] [INFO]: [AutoHiding] Hiding 1/2 items for tag '#c:dirty_dusts/osmium' -> [mekanism:dirty_dust_osmium]
[00:48:59.859] [INFO]: [AutoHiding] Hiding 2/3 items for tag '#c:plates/invar' -> [railcraft:invar_plate, modern_industrialization:invar_plate]
[00:48:59.860] [INFO]: [AutoHiding] Hiding 2/3 items for tag '#c:nuggets/zinc' -> [railcraft:zinc_nugget, create:zinc_nugget]
[00:48:59.860] [INFO]: [AutoHiding] Hiding 3/4 items for tag '#c:storage_blocks/aluminum' -> [xycraft_world:aluminum_storage, modern_industrialization:aluminum_block, immersiveengineering:storage_aluminum]
[00:48:59.860] [INFO]: [AutoHiding] Hiding 4/5 items for tag '#c:ingots/bronze' -> [railcraft:bronze_ingot, modern_industrialization:bronze_ingot, mekanism:ingot_bronze, silentgear:bronze_ingot]
[00:48:59.860] [INFO]: [AutoHiding] Hiding 4/6 items for tag '#c:ores/iron' -> [undergarden:shiverstone_iron_ore, undergarden:depthrock_iron_ore, deeperdarker:gloomslate_iron_ore, deeperdarker:sculk_stone_iron_ore]
[00:48:59.861] [INFO]: [AutoHiding] Hiding 4/5 items for tag '#c:dusts/steel' -> [mekanism:dust_steel, immersiveengineering:dust_steel, oritech:steel_dust, modern_industrialization:steel_dust]
[00:48:59.861] [INFO]: [AutoHiding] Hiding 1/2 items for tag '#c:rods/electrum' -> [createaddition:electrum_rod]
[00:48:59.861] [INFO]: [AutoHiding] Hiding 3/4 items for tag '#c:clumps/copper' -> [oritech:copper_clump, create:crushed_raw_copper, mekanism:clump_copper]
[00:48:59.861] [INFO]: [AutoHiding] Hiding 1/2 items for tag '#c:rods/silver' -> [silentgems:silver_rod]
[00:48:59.861] [INFO]: [AutoHiding] Hiding 2/3 items for tag '#c:raw_materials/zinc' -> [create:raw_zinc, railcraft:zinc_raw]
[00:48:59.862] [INFO]: [AutoHiding] Hiding 1/2 items for tag '#c:gears/nickel' -> [railcraft:nickel_gear]
[00:48:59.862] [INFO]: [AutoHiding] Hiding 4/5 items for tag '#c:nuggets/nickel' -> [immersiveengineering:nugget_nickel, railcraft:nickel_nugget, modern_industrialization:nickel_nugget, oritech:nickel_nugget]
[00:48:59.862] [INFO]: [AutoHiding] Hiding 1/2 items for tag '#c:shards/iron' -> [mekanism:shard_iron]
[00:48:59.862] [INFO]: [AutoHiding] Hiding 2/3 items for tag '#c:rods/steel' -> [modern_industrialization:steel_rod, immersiveengineering:stick_steel]
[00:48:59.863] [INFO]: [AutoHiding] Hiding 6/7 items for tag '#c:ingots/silver' -> [modern_industrialization:silver_ingot, iceandfire:silver_ingot, railcraft:silver_ingot, silentgems:silver_ingot, occultism:silver_ingot, immersiveengineering:ingot_silver]
[00:48:59.863] [INFO]: [AutoHiding] Hiding 4/5 items for tag '#c:dusts/sulfur' -> [immersiveengineering:dust_sulfur, modern_industrialization:sulfur_dust, mekanism:dust_sulfur, railcraft:sulfur_dust]
[00:48:59.863] [INFO]: [AutoHiding] Hiding 3/4 items for tag '#c:nuggets/uranium' -> [immersiveengineering:nugget_uranium, mekanism:nugget_uranium, modern_industrialization:uranium_nugget]
[00:48:59.863] [INFO]: [AutoHiding] Hiding 4/5 items for tag '#c:nuggets/steel' -> [mekanism:nugget_steel, railcraft:steel_nugget, modern_industrialization:steel_nugget, immersiveengineering:nugget_steel]
[00:48:59.864] [INFO]: [AutoHiding] Hiding 1/2 items for tag '#c:crystals/iron' -> [mekanism:crystal_iron]
[00:48:59.864] [INFO]: [AutoHiding] Hiding 10/14 items for tag '#c:ores/uranium' -> [bigreactors:deepslate_yellorite_ore, bigreactors:yellorite_ore, modern_industrialization:deepslate_uranium_ore, alltheores:other_uranium_ore, mekanism:deepslate_uranium_ore, mekanism:uranium_ore, immersiveengineering:ore_uranium, modern_industrialization:uranium_ore, oritech:deepslate_uranium_ore, immersiveengineering:deepslate_ore_uranium]
[00:48:59.864] [INFO]: [AutoHiding] Hiding 2/3 items for tag '#c:plates/brass' -> [create:brass_sheet, railcraft:brass_plate]
[00:48:59.865] [INFO]: [AutoHiding] Hiding 1/2 items for tag '#c:gears/diamond' -> [industrialforegoing:diamond_gear]
[00:48:59.865] [INFO]: [AutoHiding] Hiding 5/6 items for tag '#c:plates/gold' -> [create:golden_sheet, railcraft:gold_plate, immersiveengineering:plate_gold, xycraft_machines:gold_sheet, modern_industrialization:gold_plate]
[00:48:59.865] [INFO]: [AutoHiding] Hiding 3/4 items for tag '#c:nuggets/aluminum' -> [immersiveengineering:nugget_aluminum, modern_industrialization:aluminum_nugget, xycraft_world:aluminum_nugget]
[00:48:59.865] [INFO]: [AutoHiding] Hiding 3/4 items for tag '#c:dusts/lapis' -> [enderio:powdered_lapis_lazuli, modern_industrialization:lapis_dust, occultism:lapis_dust]
[00:48:59.866] [INFO]: [AutoHiding] Hiding 6/10 items for tag '#c:ores/sapphire' -> [silentgems:nether_sapphire_ore, iceandfire:sapphire_ore, silentgems:deepslate_sapphire_ore, silentgems:end_sapphire_ore, alltheores:other_sapphire_ore, silentgems:sapphire_ore]
[00:48:59.866] [INFO]: [AutoHiding] Hiding 2/3 items for tag '#c:nuggets/brass' -> [create:brass_nugget, railcraft:brass_nugget]
[00:48:59.866] [INFO]: [AutoHiding] Hiding 1/2 items for tag '#c:clumps/lead' -> [mekanism:clump_lead]
[00:48:59.866] [INFO]: [AutoHiding] Hiding 5/6 items for tag '#c:storage_blocks/steel' -> [modern_industrialization:steel_block, oritech:steel_block, mekanism:block_steel, railcraft:steel_block, immersiveengineering:storage_steel]
[00:48:59.866] [INFO]: [AutoHiding] Hiding 2/3 items for tag '#c:storage_blocks/raw_platinum' -> [oritech:raw_platinum_block, modern_industrialization:raw_platinum_block]
[00:48:59.867] [INFO]: [AutoHiding] Hiding 4/5 items for tag '#c:raw_materials/lead' -> [mekanism:raw_lead, modern_industrialization:raw_lead, immersiveengineering:raw_lead, railcraft:lead_raw]
[00:48:59.867] [INFO]: [AutoHiding] Hiding 3/4 items for tag '#c:nuggets/tin' -> [mekanism:nugget_tin, modern_industrialization:tin_nugget, railcraft:tin_nugget]
[00:48:59.867] [INFO]: [AutoHiding] Hiding 1/2 items for tag '#c:gears/brass' -> [railcraft:brass_gear]
[00:48:59.867] [INFO]: [AutoHiding] Hiding 2/3 items for tag '#c:raw_materials/aluminum' -> [xycraft_world:raw_aluminum, immersiveengineering:raw_aluminum]
[00:48:59.867] [INFO]: [AutoHiding] Hiding 3/7 items for tag '#c:ores/fluorite' -> [mekanism:deepslate_fluorite_ore, alltheores:other_fluorite_ore, mekanism:fluorite_ore]
[00:48:59.868] [INFO]: [AutoHiding] Hiding 6/7 items for tag '#c:dusts/iron' -> [mekanism:dust_iron, modern_industrialization:iron_dust, occultism:iron_dust, enderio:powdered_iron, immersiveengineering:dust_iron, oritech:iron_dust]
[00:48:59.868] [INFO]: [AutoHiding] Hiding 2/4 items for tag '#c:ores/copper' -> [deeperdarker:sculk_stone_copper_ore, deeperdarker:gloomslate_copper_ore]
[00:48:59.868] [INFO]: [AutoHiding] Hiding 3/4 items for tag '#c:storage_blocks/raw_lead' -> [immersiveengineering:raw_block_lead, mekanism:block_raw_lead, modern_industrialization:raw_lead_block]
[00:48:59.869] [INFO]: [AutoHiding] Hiding 4/5 items for tag '#c:gears/iron' -> [industrialforegoing:iron_gear, modern_industrialization:iron_gear, enderio:iron_gear, railcraft:iron_gear]
[00:48:59.869] [INFO]: [AutoHiding] Hiding 1/2 items for tag '#c:shards/osmium' -> [mekanism:shard_osmium]
[00:48:59.870] [INFO]: [AutoHiding] Hiding 1/2 items for tag '#c:crystals/uranium' -> [mekanism:crystal_uranium]
[00:48:59.870] [INFO]: [AutoHiding] Hiding 1/2 items for tag '#c:storage_blocks/peridot' -> [silentgems:peridot_block]
[00:48:59.871] [INFO]: [AutoHiding] Hiding 1/2 items for tag '#c:dusts/iridium' -> [modern_industrialization:iridium_dust]
[00:48:59.871] [INFO]: [AutoHiding] Hiding 1/2 items for tag '#c:dusts/osmium' -> [mekanism:dust_osmium]
[00:48:59.871] [INFO]: [AutoHiding] Hiding 4/6 items for tag '#c:ores/diamond' -> [undergarden:shiverstone_diamond_ore, deeperdarker:sculk_stone_diamond_ore, deeperdarker:gloomslate_diamond_ore, undergarden:depthrock_diamond_ore]
[00:48:59.871] [INFO]: [AutoHiding] Hiding 1/2 items for tag '#c:plates/platinum' -> [modern_industrialization:platinum_plate]
[00:48:59.871] [INFO]: [AutoHiding] Hiding 2/3 items for tag '#c:plates/bronze' -> [modern_industrialization:bronze_plate, railcraft:bronze_plate]
[00:48:59.871] [INFO]: [AutoHiding] Hiding 1/2 items for tag '#c:clumps/zinc' -> [create:crushed_raw_zinc]
[00:48:59.871] [INFO]: [AutoHiding] Hiding 1/2 items for tag '#c:dirty_dusts/gold' -> [mekanism:dirty_dust_gold]
[00:48:59.872] [INFO]: [AutoHiding] Hiding 3/7 items for tag '#c:ores/sulfur' -> [railcraft:deepslate_sulfur_ore, alltheores:other_sulfur_ore, railcraft:sulfur_ore]
[00:48:59.872] [INFO]: [AutoHiding] Hiding 1/2 items for tag '#c:plates/diamond' -> [modern_industrialization:diamond_plate]
[00:48:59.872] [INFO]: [AutoHiding] Hiding 5/6 items for tag '#c:plates/copper' -> [railcraft:copper_plate, modern_industrialization:copper_plate, create:copper_sheet, immersiveengineering:plate_copper, xycraft_machines:copper_sheet]
[00:48:59.872] [INFO]: [AutoHiding] Hiding 4/5 items for tag '#c:storage_blocks/uranium' -> [immersiveengineering:storage_uranium, mekanism:block_uranium, modern_industrialization:uranium_block, bigreactors:yellorium_block]
[00:48:59.873] [INFO]: [AutoHiding] Hiding 3/4 items for tag '#c:nuggets/electrum' -> [modern_industrialization:electrum_nugget, immersiveengineering:nugget_electrum, createaddition:electrum_nugget]
[00:48:59.873] [INFO]: [AutoHiding] Hiding 6/7 items for tag '#c:ingots/steel' -> [railcraft:steel_ingot, mekanism:ingot_steel, immersiveengineering:ingot_steel, modern_industrialization:steel_ingot, mffs:steel_ingot, oritech:steel_ingot]
[00:48:59.873] [INFO]: [AutoHiding] Hiding 3/4 items for tag '#c:gears/gold' -> [railcraft:gold_gear, industrialforegoing:gold_gear, modern_industrialization:gold_gear]
[00:48:59.874] [INFO]: [AutoHiding] Hiding 6/10 items for tag '#c:ores/aluminum' -> [xycraft_world:aluminum_ore_stone, xycraft_world:aluminum_ore_deepslate, alltheores:other_aluminum_ore, xycraft_world:aluminum_ore_kivi, immersiveengineering:deepslate_ore_aluminum, immersiveengineering:ore_aluminum]
[00:48:59.874] [INFO]: [AutoHiding] Hiding 1/2 items for tag '#c:rods/brass' -> [createaddition:brass_rod]
[00:48:59.874] [INFO]: [AutoHiding] Hiding 1/2 items for tag '#c:crystals/gold' -> [mekanism:crystal_gold]
[00:48:59.874] [INFO]: [AutoHiding] Hiding 1/2 items for tag '#c:rods/netherite' -> [immersiveengineering:stick_netherite]
[00:48:59.875] [INFO]: [AutoHiding] Hiding 1/2 items for tag '#c:crystals/tin' -> [mekanism:crystal_tin]
[00:48:59.875] [INFO]: [AutoHiding] Hiding 4/5 items for tag '#c:ingots/uranium' -> [immersiveengineering:ingot_uranium, modern_industrialization:uranium_ingot, bigreactors:yellorium_ingot, mekanism:ingot_uranium]
[00:48:59.875] [INFO]: [AutoHiding] Hiding 5/9 items for tag '#c:ores/zinc' -> [create:deepslate_zinc_ore, railcraft:zinc_ore, alltheores:other_zinc_ore, railcraft:deepslate_zinc_ore, create:zinc_ore]
[00:48:59.875] [INFO]: [AutoHiding] Hiding 3/4 items for tag '#c:dusts/silver' -> [modern_industrialization:silver_dust, immersiveengineering:dust_silver, occultism:silver_dust]
[00:48:59.876] [INFO]: [AutoHiding] Hiding 1/2 items for tag '#c:gears/silver' -> [railcraft:silver_gear]
[00:48:59.876] [INFO]: [AutoHiding] Hiding 1/2 items for tag '#c:storage_blocks/osmium' -> [mekanism:block_osmium]
[00:48:59.876] [INFO]: [AutoHiding] Hiding 1/2 items for tag '#c:dusts/constantan' -> [immersiveengineering:dust_constantan]
[00:48:59.876] [INFO]: [AutoHiding] Hiding 1/2 items for tag '#c:storage_blocks/iridium' -> [modern_industrialization:iridium_block]
[00:48:59.877] [INFO]: [AutoHiding] Hiding 3/4 items for tag '#c:nuggets/bronze' -> [railcraft:bronze_nugget, modern_industrialization:bronze_nugget, mekanism:nugget_bronze]
[00:48:59.877] [INFO]: [AutoHiding] Hiding 1/2 items for tag '#c:nuggets/constantan' -> [immersiveengineering:nugget_constantan]
[00:48:59.877] [INFO]: [AutoHiding] Hiding 5/6 items for tag '#c:plates/iron' -> [xycraft_machines:iron_sheet, modern_industrialization:iron_plate, create:iron_sheet, railcraft:iron_plate, immersiveengineering:plate_iron]
[00:48:59.877] [INFO]: [AutoHiding] Hiding 4/5 items for tag '#c:ingots/lead' -> [immersiveengineering:ingot_lead, mekanism:ingot_lead, modern_industrialization:lead_ingot, railcraft:lead_ingot]
[00:48:59.878] [INFO]: [AutoHiding] Hiding 4/5 items for tag '#c:storage_blocks/nickel' -> [modern_industrialization:nickel_block, railcraft:nickel_block, immersiveengineering:storage_nickel, oritech:nickel_block]
[00:48:59.878] [INFO]: [AutoHiding] Hiding 2/3 items for tag '#c:gems/peridot' -> [irons_jewelry:peridot, silentgems:peridot]
[00:48:59.878] [INFO]: [AutoHiding] Hiding 1/2 items for tag '#c:storage_blocks/raw_zinc' -> [create:raw_zinc_block]
[00:48:59.878] [INFO]: [AutoHiding] Hiding 7/8 items for tag '#c:nuggets/copper' -> [oritech:copper_nugget, iceandfire:copper_nugget, immersiveengineering:nugget_copper, create:copper_nugget, modern_industrialization:copper_nugget, everythingcopper:copper_nugget, pneumaticcraft:copper_nugget]
[00:48:59.878] [INFO]: [AutoHiding] Hiding 3/4 items for tag '#c:ingots/tin' -> [railcraft:tin_ingot, mekanism:ingot_tin, modern_industrialization:tin_ingot]
[00:48:59.879] [INFO]: [AutoHiding] Hiding 3/4 items for tag '#c:plates/steel' -> [railcraft:steel_plate, immersiveengineering:plate_steel, modern_industrialization:steel_plate]
[00:48:59.879] [INFO]: [AutoHiding] Hiding 1/2 items for tag '#c:nuggets/iridium' -> [modern_industrialization:iridium_nugget]
[00:48:59.879] [INFO]: [AutoHiding] Hiding 3/4 items for tag '#c:plates/nickel' -> [railcraft:nickel_plate, modern_industrialization:nickel_plate, immersiveengineering:plate_nickel]
[00:48:59.879] [INFO]: [AutoHiding] Hiding 3/4 items for tag '#c:plates/lead' -> [modern_industrialization:lead_plate, immersiveengineering:plate_lead, railcraft:lead_plate]
[00:48:59.879] [INFO]: [AutoHiding] Hiding 1/2 items for tag '#c:shards/tin' -> [mekanism:shard_tin]
[00:48:59.879] [INFO]: [AutoHiding] Hiding 3/4 items for tag '#c:clumps/iron' -> [mekanism:clump_iron, create:crushed_raw_iron, oritech:iron_clump]
[00:48:59.880] [INFO]: [AutoHiding] Hiding 1/2 items for tag '#c:dirty_dusts/copper' -> [mekanism:dirty_dust_copper]
[00:48:59.880] [INFO]: [AutoHiding] Hiding 2/3 items for tag '#c:dusts/platinum' -> [modern_industrialization:platinum_dust, oritech:platinum_dust]
[00:48:59.880] [INFO]: [AutoHiding] Hiding 1/2 items for tag '#c:rods/uranium' -> [modern_industrialization:uranium_rod]
[00:48:59.880] [INFO]: [AutoHiding] Hiding 5/6 items for tag '#c:raw_materials/uranium' -> [modern_industrialization:raw_uranium, oritech:raw_uranium, immersiveengineering:raw_uranium, bigreactors:raw_yellorium, mekanism:raw_uranium]
[00:48:59.880] [INFO]: [AutoHiding] Hiding 1/2 items for tag '#c:gears/netherite' -> [mifa:netherite_gear]
[00:48:59.881] [INFO]: [AutoHiding] Hiding 1/2 items for tag '#c:crystals/copper' -> [mekanism:crystal_copper]
[00:48:59.881] [INFO]: [AutoHiding] Hiding 9/13 items for tag '#c:ores/lead' -> [modern_industrialization:deepslate_lead_ore, railcraft:deepslate_lead_ore, mekanism:lead_ore, modern_industrialization:lead_ore, alltheores:other_lead_ore, railcraft:lead_ore, immersiveengineering:ore_lead, immersiveengineering:deepslate_ore_lead, mekanism:deepslate_lead_ore]
[00:48:59.881] [INFO]: [AutoHiding] Hiding 2/3 items for tag '#c:clumps/osmium' -> [mekanism:clump_osmium, create:crushed_raw_osmium]
[00:48:59.882] [INFO]: [AutoHiding] Hiding 1/2 items for tag '#c:plates/constantan' -> [immersiveengineering:plate_constantan]
[00:48:59.882] [INFO]: [AutoHiding] Hiding 2/3 items for tag '#c:clumps/uranium' -> [create:crushed_raw_uranium, mekanism:clump_uranium]
[00:48:59.882] [INFO]: [AutoHiding] Hiding 1/2 items for tag '#c:storage_blocks/charcoal' -> [justdirethings:charcoal]
[00:48:59.882] [INFO]: [AutoHiding] Hiding 3/4 items for tag '#c:dusts/nickel' -> [immersiveengineering:dust_nickel, modern_industrialization:nickel_dust, oritech:nickel_dust]
[00:48:59.882] [INFO]: [AutoHiding] Hiding 1/2 items for tag '#c:shards/lead' -> [mekanism:shard_lead]
[00:48:59.882] [INFO]: [AutoHiding] Hiding 2/3 items for tag '#c:storage_blocks/raw_aluminum' -> [immersiveengineering:raw_block_aluminum, xycraft_world:raw_aluminum_block]
[00:48:59.883] [INFO]: [AutoHiding] Hiding 3/4 items for tag '#c:storage_blocks/tin' -> [railcraft:tin_block, modern_industrialization:tin_block, mekanism:block_tin]
[00:48:59.883] [INFO]: [AutoHiding] Hiding 3/4 items for tag '#c:ingots/aluminum' -> [immersiveengineering:ingot_aluminum, modern_industrialization:aluminum_ingot, xycraft_world:aluminum_ingot]
[00:48:59.883] [INFO]: [AutoHiding] Hiding 2/3 items for tag '#c:ingots/invar' -> [railcraft:invar_ingot, modern_industrialization:invar_ingot]
[00:48:59.883] [INFO]: [AutoHiding] Hiding 3/4 items for tag '#c:dusts/netherite' -> [occultism:netherite_dust, mekanism:dust_netherite, extended_industrialization:netherite_dust]
[00:48:59.884] [INFO]: [AutoHiding] Hiding 4/5 items for tag '#c:storage_blocks/electrum' -> [immersiveengineering:storage_electrum, modern_industrialization:electrum_block, createaddition:electrum_block, oritech:electrum_block]
[00:48:59.884] [INFO]: [AutoHiding] Hiding 4/5 items for tag '#c:dusts/uranium' -> [oritech:uranium_dust, immersiveengineering:dust_uranium, modern_industrialization:uranium_dust, mekanism:dust_uranium]
[00:48:59.884] [INFO]: [AutoHiding] Hiding 1/2 items for tag '#c:plates/uranium' -> [immersiveengineering:plate_uranium]
[00:48:59.884] [INFO]: [AutoHiding] Hiding 3/4 items for tag '#c:dusts/emerald' -> [modern_industrialization:emerald_dust, occultism:emerald_dust, appflux:emerald_dust]
[00:48:59.884] [INFO]: [AutoHiding] Hiding 2/3 items for tag '#c:clumps/platinum' -> [oritech:platinum_clump, create:crushed_raw_platinum]
[00:48:59.885] [INFO]: [AutoHiding] Hiding 6/7 items for tag '#c:dusts/gold' -> [mekanism:dust_gold, occultism:gold_dust, enderio:powdered_gold, oritech:gold_dust, modern_industrialization:gold_dust, immersiveengineering:dust_gold]
[00:48:59.885] [INFO]: [AutoHiding] Hiding 1/2 items for tag '#c:dirty_dusts/uranium' -> [mekanism:dirty_dust_uranium]
[00:48:59.885] [INFO]: [AutoHiding] Hiding 1/2 items for tag '#c:rods/tin' -> [modern_industrialization:tin_rod]
[00:48:59.885] [INFO]: [AutoHiding] Hiding 4/5 items for tag '#c:storage_blocks/raw_uranium' -> [mekanism:block_raw_uranium, modern_industrialization:raw_uranium_block, immersiveengineering:raw_block_uranium, bigreactors:raw_yellorium_block]
[00:48:59.885] [INFO]: [AutoHiding] Hiding 2/3 items for tag '#c:plates/zinc' -> [createaddition:zinc_sheet, railcraft:zinc_plate]
[00:48:59.885] [INFO]: [AutoHiding] Hiding 2/3 items for tag '#c:raw_materials/platinum' -> [oritech:raw_platinum, modern_industrialization:raw_platinum]
[00:48:59.886] [INFO]: [AutoHiding] Hiding 3/4 items for tag '#c:plates/silver' -> [modern_industrialization:silver_plate, railcraft:silver_plate, immersiveengineering:plate_silver]
[00:48:59.886] [INFO]: [AutoHiding] Hiding 2/3 items for tag '#c:storage_blocks/zinc' -> [create:zinc_block, railcraft:zinc_block]
[00:48:59.886] [INFO]: [AutoHiding] Hiding 6/8 items for tag '#c:ores/redstone' -> [eternal_starlight:haze_ice_redstone_ore, eternal_starlight:voidstone_redstone_ore, eternal_starlight:grimstone_redstone_ore, eternal_starlight:eternal_ice_redstone_ore, deeperdarker:sculk_stone_redstone_ore, deeperdarker:gloomslate_redstone_ore]
[00:48:59.886] [INFO]: [AutoHiding] Hiding 2/3 items for tag '#c:rods/gold' -> [createaddition:gold_rod, modern_industrialization:gold_rod]
[00:48:59.886] [INFO]: [AutoHiding] Hiding 2/3 items for tag '#c:rods/copper' -> [createaddition:copper_rod, modern_industrialization:copper_rod]
[00:48:59.886] [INFO]: [AutoHiding] Hiding 1/2 items for tag '#c:storage_blocks/raw_osmium' -> [mekanism:block_raw_osmium]
[00:48:59.886] [INFO]: [AutoHiding] Hiding 2/3 items for tag '#c:ingots/platinum' -> [oritech:platinum_ingot, modern_industrialization:platinum_ingot]
[00:48:59.887] [INFO]: [AutoHiding] Hiding 1/2 items for tag '#c:gems/fluorite' -> [mekanism:fluorite_gem]
[00:48:59.887] [INFO]: [AutoHiding] Hiding 3/4 items for tag '#c:gems/sapphire' -> [iceandfire:sapphire_gem, silentgems:sapphire, irons_jewelry:sapphire]
[00:48:59.887] [INFO]: [AutoHiding] Hiding 3/4 items for tag '#c:plates/electrum' -> [immersiveengineering:plate_electrum, createaddition:electrum_sheet, modern_industrialization:electrum_plate]
[00:48:59.887] [INFO]: [AutoHiding] Hiding 1/2 items for tag '#c:storage_blocks/constantan' -> [immersiveengineering:storage_constantan]
[00:48:59.887] [INFO]: [AutoHiding] Hiding 4/6 items for tag '#c:ores/coal' -> [undergarden:depthrock_coal_ore, deeperdarker:gloomslate_coal_ore, undergarden:shiverstone_coal_ore, deeperdarker:sculk_stone_coal_ore]
[00:48:59.888] [INFO]: [AutoHiding] Hiding 3/4 items for tag '#c:storage_blocks/raw_nickel' -> [oritech:raw_nickel_block, modern_industrialization:raw_nickel_block, immersiveengineering:raw_block_nickel]
[00:48:59.888] [INFO]: [AutoHiding] Hiding 2/3 items for tag '#c:storage_blocks/raw_tin' -> [modern_industrialization:raw_tin_block, mekanism:block_raw_tin]
[00:48:59.888] [INFO]: [AutoHiding] Hiding 3/7 items for tag '#c:ores/iridium' -> [modern_industrialization:deepslate_iridium_ore, alltheores:other_iridium_ore, modern_industrialization:iridium_ore]
[00:48:59.888] [INFO]: [AutoHiding] Hiding 1/2 items for tag '#c:gears/aluminum' -> [modern_industrialization:aluminum_gear]
[00:48:59.888] [INFO]: [AutoHiding] Hiding 1/2 items for tag '#c:shards/copper' -> [mekanism:shard_copper]
[00:48:59.888] [INFO]: [AutoHiding] Hiding 2/3 items for tag '#c:dusts/ender_pearl' -> [enderio:powdered_ender_pearl, railcraft:ender_dust]
[00:49:03.558] [INFO]: Loading config 'duplicates.json'.
[00:49:03.562] [INFO]: Recipe count: 96051
[00:49:03.571] [WARN]: Could not detect recipe type for recipe 'pastel:mod_integration/ae2/blasting/pure_fluix', skipping.
[00:49:03.572] [WARN]: Could not detect recipe type for recipe 'cataclysm:blasting/ancient_metal_nugget_from_blasting', skipping.
[00:49:03.572] [WARN]: Could not detect recipe type for recipe 'cataclysm:stonecutting/end_stone_pillar_from_stonecutting', skipping.
[00:49:03.579] [WARN]: Could not detect recipe type for recipe 'cataclysm:stonecutting/polished_end_stone_from_stonecutting', skipping.
[00:49:03.580] [WARN]: Could not detect recipe type for recipe 'cataclysm:stonecutting/obsidian_bricks_from_stonecutting', skipping.
[00:49:03.583] [WARN]: Could not detect recipe type for recipe 'cataclysm:stonecutting/stone_tile_wall_from_stonecutting', skipping.
[00:49:03.584] [WARN]: Could not detect recipe type for recipe 'pastel:mod_integration/ae2/blasting/pure_certus_quartz', skipping.
[00:49:03.587] [WARN]: Could not detect recipe type for recipe 'cataclysm:stonecutting/chiseled_purpur_block_from_stonecutting', skipping.
[00:49:03.588] [WARN]: Could not detect recipe type for recipe 'cataclysm:stonecutting/obsidian_brick_wall_from_stonecutting', skipping.
[00:49:03.589] [WARN]: Could not detect recipe type for recipe 'cataclysm:stonecutting/polished_end_stone_stairs_from_stonecutting', skipping.
[00:49:03.597] [WARN]: Could not detect recipe type for recipe 'cataclysm:stonecutting/obsidian_brick_stairs_from_stonecutting', skipping.
[00:49:03.599] [WARN]: Could not detect recipe type for recipe 'cataclysm:stonecutting/stone_tile_slab_from_stonecutting', skipping.
[00:49:03.602] [WARN]: Could not detect recipe type for recipe 'cataclysm:stonecutting/purpur_wall_from_stonecutting', skipping.
[00:49:03.603] [WARN]: Could not detect recipe type for recipe 'cataclysm:stonecutting/chiseled_stone_brick_pillar_from_stonecutting', skipping.
[00:49:03.604] [WARN]: Could not detect recipe type for recipe 'sushigocrafting:fermenting_barrel/soy', skipping.
[00:49:03.604] [WARN]: Could not detect recipe type for recipe 'cataclysm:stonecutting/chiseled_end_stone_bricks_from_stonecutting', skipping.
[00:49:03.605] [WARN]: Could not detect recipe type for recipe 'cataclysm:stonecutting/frosted_stone_brick_wall_from_stonecutting', skipping.
[00:49:03.606] [WARN]: Could not detect recipe type for recipe 'cataclysm:stonecutting/stone_tile_stairs_from_stonecutting', skipping.
[00:49:03.606] [WARN]: Could not detect recipe type for recipe 'cataclysm:stonecutting/quartz_brick_wall_from_stonecutting', skipping.
[00:49:03.606] [WARN]: Could not detect recipe type for recipe 'cataclysm:stonecutting/obsidian_brick_slab_from_stonecutting', skipping.
[00:49:03.611] [WARN]: Could not detect recipe type for recipe 'cataclysm:stonecutting/polished_end_stone_slab_from_stonecutting', skipping.
[00:49:03.616] [WARN]: Could not detect recipe type for recipe 'cataclysm:blasting/black_steel_nugget_from_blasting', skipping.
[00:49:03.617] [WARN]: Could not detect recipe type for recipe 'immersiveengineering:arc_recycling_list', skipping.
[00:49:03.618] [WARN]: Could not detect recipe type for recipe 'cataclysm:stonecutting/frosted_stone_brick_stairs_from_stonecutting', skipping.
[00:49:03.621] [WARN]: Could not detect recipe type for recipe 'cataclysm:stonecutting/chiseled_obsidian_bricks_from_stonecutting', skipping.
[00:49:03.622] [WARN]: Could not detect recipe type for recipe 'cataclysm:stonecutting/frosted_stone_brick_slab_from_stonecutting', skipping.
[00:49:03.623] [WARN]: Could not detect recipe type for recipe 'cataclysm:stonecutting/stone_tiles_from_stonecutting', skipping.
[00:49:03.625] [WARN]: Could not detect recipe type for recipe 'cataclysm:stonecutting/stone_pillar_from_stonecutting', skipping.
[00:49:04.334] [WARN]: Could not detect crafting recipe output for recipe 'dyenamics:thermal/rockwool/amber_rockwool'.
[00:49:04.334] [WARN]: Could not detect crafting recipe output for recipe 'dyenamics:thermal/rockwool/aquamarine_rockwool'.
[00:49:04.334] [WARN]: Could not detect crafting recipe output for recipe 'dyenamics:thermal/rockwool/bubblegum_rockwool'.
[00:49:04.334] [WARN]: Could not detect crafting recipe output for recipe 'dyenamics:thermal/rockwool/cherenkov_rockwool'.
[00:49:04.334] [WARN]: Could not detect crafting recipe output for recipe 'dyenamics:thermal/rockwool/conifer_rockwool'.
[00:49:04.334] [WARN]: Could not detect crafting recipe output for recipe 'dyenamics:thermal/rockwool/fluorescent_rockwool'.
[00:49:04.334] [WARN]: Could not detect crafting recipe output for recipe 'dyenamics:thermal/rockwool/honey_rockwool'.
[00:49:04.334] [WARN]: Could not detect crafting recipe output for recipe 'dyenamics:thermal/rockwool/icy_blue_rockwool'.
[00:49:04.334] [WARN]: Could not detect crafting recipe output for recipe 'dyenamics:thermal/rockwool/lavender_rockwool'.
[00:49:04.335] [WARN]: Could not detect crafting recipe output for recipe 'dyenamics:thermal/rockwool/maroon_rockwool'.
[00:49:04.335] [WARN]: Could not detect crafting recipe output for recipe 'dyenamics:thermal/rockwool/mint_rockwool'.
[00:49:04.335] [WARN]: Could not detect crafting recipe output for recipe 'dyenamics:thermal/rockwool/navy_rockwool'.
[00:49:04.335] [WARN]: Could not detect crafting recipe output for recipe 'dyenamics:thermal/rockwool/peach_rockwool'.
[00:49:04.335] [WARN]: Could not detect crafting recipe output for recipe 'dyenamics:thermal/rockwool/persimmon_rockwool'.
[00:49:04.335] [WARN]: Could not detect crafting recipe output for recipe 'dyenamics:thermal/rockwool/rose_rockwool'.
[00:49:04.335] [WARN]: Could not detect crafting recipe output for recipe 'dyenamics:thermal/rockwool/spring_green_rockwool'.
[00:49:04.335] [WARN]: Could not detect crafting recipe output for recipe 'dyenamics:thermal/rockwool/ultramarine_rockwool'.
[00:49:04.335] [WARN]: Could not detect crafting recipe output for recipe 'dyenamics:thermal/rockwool/wine_rockwool'.
[00:49:05.978] [INFO]: Recipe count afterwards: 95230 (done in 2.416 s)
[00:50:21.457] [ERROR]: The following recipes were unified and threw exceptions when being loaded: [create:crushing/gloomslate_coal_ore, create:crushing/gloomslate_emerald_ore, create:crushing/sculk_stone_iron_ore, create:crushing/sculk_stone_emerald_ore, create:crushing/sculk_stone_gold_ore, create:crushing/gloomslate_iron_ore, create:crushing/sculk_stone_lapis_ore, create:crushing/sculk_stone_coal_ore, create:crushing/gloomslate_lapis_ore, create:crushing/gloomslate_redstone_ore, create:crushing/gloomslate_gold_ore, create:crushing/gloomslate_diamond_ore, create:crushing/sculk_stone_diamond_ore, create:crushing/sculk_stone_redstone_ore, createaddition:compat/immersiveengineering/rolling/steel_ingot, createaddition:compat/immersiveengineering/rolling/aluminum_ingot, create:crushing/sculk_stone_copper_ore, create:crushing/gloomslate_copper_ore]
[00:50:21.457] [WARN]: Try to add them to the ignore list and if the problem is gone, report it to the Almost Unified developers.
